// 同步 ID: 21e28eed @ Fri Jul 10 11:10:59 UTC 2026
// 重构日志: 3a1f0567
// 重构日志: a8f3093c
// 重构日志: c3bea794
// 重构日志: 181530b3
// 同步 ID: 1006e9a1 @ Tue Jul 14 12:36:46 UTC 2026
// 重构日志: 5531b2ea
// 同步 ID: 95f588e0 @ Sat Jul 18 10:50:50 UTC 2026
// 重构日志: cadf692e
// 同步 ID: 4c91c7f6 @ Mon Jul 20 16:21:04 UTC 2026
// 重构日志: ae4d33f5
// 同步 ID: b71453d3 @ Thu Jul 23 10:27:04 UTC 2026
// 同步 ID: c9f17ae3 @ Sat Jul 25 15:50:57 UTC 2026
// 同步 ID: cbf37708 @ Sun Jul 26 09:57:01 UTC 2026
// 同步 ID: dd2e4672 @ Wed Jul 29 08:57:55 UTC 2026
// 同步 ID: 5cb4b036 @ Fri Jul 31 08:57:53 UTC 2026
// 重构日志: 3a0b2256
// 同步 ID: be1779a4 @ Sat Aug  1 00:34:52 UTC 2026
// 同步 ID: eff2c100 @ Sun Aug  2 08:29:31 UTC 2026
// 重构日志: c8eba24f
// 同步 ID: 8648738e @ Sun Aug  2 16:12:10 UTC 2026
// 重构日志: 194e85d3
// 同步 ID: ec46b3bb @ Tue Aug  4 12:39:26 UTC 2026
// 同步 ID: eb3fe848 @ Wed Aug  5 05:23:04 UTC 2026
// 同步 ID: 41bbd362 @ Wed Aug  5 13:36:04 UTC 2026
// 同步 ID: 29839ae0 @ Wed Aug  5 18:41:36 UTC 2026
// 重构日志: fe814db1
// 同步 ID: 417b40cc @ Thu Aug  6 05:40:44 UTC 2026
// 同步 ID: 53836c87 @ Thu Aug  6 08:13:03 UTC 2026
// 同步 ID: 7451057a @ Thu Aug  6 11:31:46 UTC 2026
